Archive member included to satisfy reference by file (symbol)

/usr/local/mcuxpressoide-10.3.0_2200/ide/plugins/com.nxp.mcuxpresso.tools.linux_10.3.0.201811011841/tools/bin/../lib/gcc/arm-none-eabi/7.3.1/../../../../arm-none-eabi/lib/thumb/v6-m/libcr_semihost_nf.a(_cr__main.o)
                              ./startup/startup_lpc824.o (__main)
/usr/local/mcuxpressoide-10.3.0_2200/ide/plugins/com.nxp.mcuxpresso.tools.linux_10.3.0.201811011841/tools/bin/../lib/gcc/arm-none-eabi/7.3.1/../../../../arm-none-eabi/lib/thumb/v6-m/libcr_semihost_nf.a(_cr_assert.o)
                              ./source/RS485SPISlave.o (__assertion_failed)
/usr/local/mcuxpressoide-10.3.0_2200/ide/plugins/com.nxp.mcuxpresso.tools.linux_10.3.0.201811011841/tools/bin/../lib/gcc/arm-none-eabi/7.3.1/../../../../arm-none-eabi/lib/thumb/v6-m/libcr_semihost_nf.a(__ciob.o)
                              /usr/local/mcuxpressoide-10.3.0_2200/ide/plugins/com.nxp.mcuxpresso.tools.linux_10.3.0.201811011841/tools/bin/../lib/gcc/arm-none-eabi/7.3.1/../../../../arm-none-eabi/lib/thumb/v6-m/libcr_semihost_nf.a(_cr_assert.o) (__Ciob)
/usr/local/mcuxpressoide-10.3.0_2200/ide/plugins/com.nxp.mcuxpresso.tools.linux_10.3.0.201811011841/tools/bin/../lib/gcc/arm-none-eabi/7.3.1/../../../../arm-none-eabi/lib/thumb/v6-m/libcr_semihost_nf.a(__sys_appexit.o)
                              /usr/local/mcuxpressoide-10.3.0_2200/ide/plugins/com.nxp.mcuxpresso.tools.linux_10.3.0.201811011841/tools/bin/../lib/gcc/arm-none-eabi/7.3.1/../../../../arm-none-eabi/lib/thumb/v6-m/libcr_semihost_nf.a(_cr_assert.o) (__sys_appexit)
/usr/local/mcuxpressoide-10.3.0_2200/ide/plugins/com.nxp.mcuxpresso.tools.linux_10.3.0.201811011841/tools/bin/../lib/gcc/arm-none-eabi/7.3.1/../../../../arm-none-eabi/lib/thumb/v6-m/libcr_c.a(memset.o)
                              ./drivers/fsl_dma.o (memset)
/usr/local/mcuxpressoide-10.3.0_2200/ide/plugins/com.nxp.mcuxpresso.tools.linux_10.3.0.201811011841/tools/bin/../lib/gcc/arm-none-eabi/7.3.1/../../../../arm-none-eabi/lib/thumb/v6-m/libcr_c.a(_deferredlazyseek.o)
                              /usr/local/mcuxpressoide-10.3.0_2200/ide/plugins/com.nxp.mcuxpresso.tools.linux_10.3.0.201811011841/tools/bin/../lib/gcc/arm-none-eabi/7.3.1/../../../../arm-none-eabi/lib/thumb/v6-m/libcr_semihost_nf.a(_cr_assert.o) (__flsbuf)
/usr/local/mcuxpressoide-10.3.0_2200/ide/plugins/com.nxp.mcuxpresso.tools.linux_10.3.0.201811011841/tools/bin/../lib/gcc/arm-none-eabi/7.3.1/../../../../arm-none-eabi/lib/thumb/v6-m/libcr_c.a(_fflush.o)
                              /usr/local/mcuxpressoide-10.3.0_2200/ide/plugins/com.nxp.mcuxpresso.tools.linux_10.3.0.201811011841/tools/bin/../lib/gcc/arm-none-eabi/7.3.1/../../../../arm-none-eabi/lib/thumb/v6-m/libcr_c.a(_deferredlazyseek.o) (_fflush)
/usr/local/mcuxpressoide-10.3.0_2200/ide/plugins/com.nxp.mcuxpresso.tools.linux_10.3.0.201811011841/tools/bin/../lib/gcc/arm-none-eabi/7.3.1/../../../../arm-none-eabi/lib/thumb/v6-m/libcr_c.a(_writebuf.o)
                              /usr/local/mcuxpressoide-10.3.0_2200/ide/plugins/com.nxp.mcuxpresso.tools.linux_10.3.0.201811011841/tools/bin/../lib/gcc/arm-none-eabi/7.3.1/../../../../arm-none-eabi/lib/thumb/v6-m/libcr_c.a(_deferredlazyseek.o) (_Cwritebuf)
/usr/local/mcuxpressoide-10.3.0_2200/ide/plugins/com.nxp.mcuxpresso.tools.linux_10.3.0.201811011841/tools/bin/../lib/gcc/arm-none-eabi/7.3.1/../../../../arm-none-eabi/lib/thumb/v6-m/libcr_c.a(alloc.o)
                              ./drivers/fsl_common.o (malloc)
/usr/local/mcuxpressoide-10.3.0_2200/ide/plugins/com.nxp.mcuxpresso.tools.linux_10.3.0.201811011841/tools/bin/../lib/gcc/arm-none-eabi/7.3.1/../../../../arm-none-eabi/lib/thumb/v6-m/libcr_c.a(fputs.o)
                              /usr/local/mcuxpressoide-10.3.0_2200/ide/plugins/com.nxp.mcuxpresso.tools.linux_10.3.0.201811011841/tools/bin/../lib/gcc/arm-none-eabi/7.3.1/../../../../arm-none-eabi/lib/thumb/v6-m/libcr_semihost_nf.a(_cr_assert.o) (fputs)
/usr/local/mcuxpressoide-10.3.0_2200/ide/plugins/com.nxp.mcuxpresso.tools.linux_10.3.0.201811011841/tools/bin/../lib/gcc/arm-none-eabi/7.3.1/../../../../arm-none-eabi/lib/thumb/v6-m/libcr_c.a(fseek.o)
                              /usr/local/mcuxpressoide-10.3.0_2200/ide/plugins/com.nxp.mcuxpresso.tools.linux_10.3.0.201811011841/tools/bin/../lib/gcc/arm-none-eabi/7.3.1/../../../../arm-none-eabi/lib/thumb/v6-m/libcr_c.a(_deferredlazyseek.o) (fseek)
/usr/local/mcuxpressoide-10.3.0_2200/ide/plugins/com.nxp.mcuxpresso.tools.linux_10.3.0.201811011841/tools/bin/../lib/gcc/arm-none-eabi/7.3.1/../../../../arm-none-eabi/lib/thumb/v6-m/libcr_c.a(ftell.o)
                              /usr/local/mcuxpressoide-10.3.0_2200/ide/plugins/com.nxp.mcuxpresso.tools.linux_10.3.0.201811011841/tools/bin/../lib/gcc/arm-none-eabi/7.3.1/../../../../arm-none-eabi/lib/thumb/v6-m/libcr_c.a(fseek.o) (ftell)
[...]
Memory Configuration

Name             Origin             Length             Attributes
PROGRAM_FLASH    0x0000000000000000 0x0000000000008000 xr
SRAM             0x0000000010000000 0x0000000000002000 xrw
*default*        0x0000000000000000 0xffffffffffffffff

Linker script and memory map

LOAD ./utilities/fsl_debug_console.o
LOAD ./startup/startup_lpc824.o
LOAD ./source/RS485SPISlave.o
LOAD ./source/mtb.o
LOAD ./source/semihost_hardfault.o
LOAD ./drivers/fsl_clock.o
LOAD ./drivers/fsl_common.o
LOAD ./drivers/fsl_dma.o
LOAD ./drivers/fsl_gpio.o
LOAD ./drivers/fsl_pint.o
LOAD ./drivers/fsl_power.o
LOAD ./drivers/fsl_reset.o
LOAD ./drivers/fsl_spi.o
LOAD ./drivers/fsl_swm.o
LOAD ./drivers/fsl_usart.o
LOAD ./device/system_LPC824.o
LOAD ./component/uart/miniusart_adapter.o
LOAD ./board/board.o
LOAD ./board/clock_config.o
LOAD ./board/peripherals.o
LOAD ./board/pin_mux.o
START GROUP
LOAD /usr/local/mcuxpressoide-10.3.0_2200/ide/plugins/com.nxp.mcuxpresso.tools.linux_10.3.0.201811011841/tools/bin/../lib/gcc/arm-none-eabi/7.3.1/../../../../arm-none-eabi/lib/thumb/v6-m/libcr_semihost_nf.a
LOAD /usr/local/mcuxpressoide-10.3.0_2200/ide/plugins/com.nxp.mcuxpresso.tools.linux_10.3.0.201811011841/tools/bin/../lib/gcc/arm-none-eabi/7.3.1/../../../../arm-none-eabi/lib/thumb/v6-m/libcr_c.a
LOAD /usr/local/mcuxpressoide-10.3.0_2200/ide/plugins/com.nxp.mcuxpresso.tools.linux_10.3.0.201811011841/tools/bin/../lib/gcc/arm-none-eabi/7.3.1/thumb/v6-m/libcr_eabihelpers.a
END GROUP
                0x0000000000000000                __base_PROGRAM_FLASH = 0x0
                0x0000000000000000                __base_Flash = 0x0
                0x0000000000008000                __top_PROGRAM_FLASH = 0x8000
                0x0000000000008000                __top_Flash = 0x8000
                0x0000000010000000                __base_SRAM = 0x10000000
                0x0000000010000000                __base_RAM = 0x10000000
                0x0000000010002000                __top_SRAM = 0x10002000
                0x0000000010002000                __top_RAM = 0x10002000

.text           0x0000000000000000     0x4838
 FILL mask 0xff
                0x0000000000000000                __vectors_start__ = ABSOLUTE (.)
 *(SORT_BY_ALIGNMENT(.isr_vector))
 .isr_vector    0x0000000000000000       0xc0 ./startup/startup_lpc824.o
                0x0000000000000000                __Vectors
                0x0000000000000000                g_pfnVectors
                0x00000000000000c0                . = ALIGN (0x4)
                0x00000000000000c0                __section_table_start = .
                0x00000000000000c0                __data_section_table = .
                0x00000000000000c0        0x4 LONG 0x4838 LOADADDR (.data)
                0x00000000000000c4        0x4 LONG 0x10000080 ADDR (.data)
                0x00000000000000c8        0x4 LONG 0x4 SIZEOF (.data)
                0x00000000000000cc                __data_section_table_end = .
                0x00000000000000cc                __bss_section_table = .
                0x00000000000000cc        0x4 LONG 0x10000200 ADDR (.bss)
                0x00000000000000d0        0x4 LONG 0x390 SIZEOF (.bss)
                0x00000000000000d4                __bss_section_table_end = .
                0x00000000000000d4                __section_table_end = .
 *(SORT_BY_ALIGNMENT(.after_vectors*))
 .after_vectors.reset
                0x00000000000000d4       0x4c ./startup/startup_lpc824.o
                0x00000000000000d4                ResetISR
 .after_vectors.init_data
                0x0000000000000120       0x16 ./startup/startup_lpc824.o
                0x0000000000000120                data_init
 .after_vectors.init_bss
                0x0000000000000136       0x12 ./startup/startup_lpc824.o
                0x0000000000000136                bss_init
 .after_vectors
                0x0000000000000148      0x10c ./startup/startup_lpc824.o
                0x0000000000000148                NMI_Handler
                0x000000000000014c                SVC_Handler
                0x000000000000014e                PendSV_Handler
                0x0000000000000150                SysTick_Handler
                0x0000000000000152                Reserved39_DriverIRQHandler
                0x0000000000000152                ADC0_OVR_DriverIRQHandler
                0x0000000000000152                I2C3_DriverIRQHandler
                0x0000000000000152                I2C2_DriverIRQHandler
                0x0000000000000152                IntDefaultHandler
                0x0000000000000152                WKT_DriverIRQHandler
                0x0000000000000152                MRT0_DriverIRQHandler
                0x0000000000000152                PIN_INT5_DriverIRQHandler
                0x0000000000000152                CMP_CAPT_DriverIRQHandler
                0x0000000000000152                ADC0_THCMP_DriverIRQHandler
                0x0000000000000152                PIN_INT7_DriverIRQHandler
                0x0000000000000152                Reserved22_DriverIRQHandler
                0x0000000000000152                FLASH_DriverIRQHandler
                0x0000000000000152                ADC0_SEQB_DriverIRQHandler
                0x0000000000000152                PIN_INT6_DriverIRQHandler
                0x0000000000000152                Reserved18_DriverIRQHandler
                0x0000000000000152                WDT_DriverIRQHandler
                0x0000000000000152                BOD_DriverIRQHandler
                0x0000000000000152                I2C1_DriverIRQHandler
                0x0000000000000152                ADC0_SEQA_DriverIRQHandler
                0x0000000000000152                I2C0_DriverIRQHandler
                0x0000000000000152                SCT0_DriverIRQHandler
                0x0000000000000154                SPI0_IRQHandler
                0x000000000000015c                SPI1_IRQHandler
                0x0000000000000164                Reserved18_IRQHandler
                0x000000000000016c                USART0_IRQHandler
                0x0000000000000174                USART1_IRQHandler
                0x000000000000017c                USART2_IRQHandler
                0x0000000000000184                Reserved22_IRQHandler
                0x000000000000018c                I2C1_IRQHandler
                0x0000000000000194                I2C0_IRQHandler
                0x000000000000019c                SCT0_IRQHandler
                0x00000000000001a4                MRT0_IRQHandler
                0x00000000000001ac                CMP_CAPT_IRQHandler
                0x00000000000001b4                WDT_IRQHandler
                0x00000000000001bc                BOD_IRQHandler
                0x00000000000001c4                FLASH_IRQHandler
                0x00000000000001cc                WKT_IRQHandler
                0x00000000000001d4                ADC0_SEQA_IRQHandler
                0x00000000000001dc                ADC0_SEQB_IRQHandler
                0x00000000000001e4                ADC0_THCMP_IRQHandler
                0x00000000000001ec                ADC0_OVR_IRQHandler
                0x00000000000001f4                DMA0_IRQHandler
                0x00000000000001fc                I2C2_IRQHandler
                0x0000000000000204                I2C3_IRQHandler
                0x000000000000020c                Reserved39_IRQHandler
                0x0000000000000214                PIN_INT0_IRQHandler
                0x000000000000021c                PIN_INT1_IRQHandler
                0x0000000000000224                PIN_INT2_IRQHandler
                0x000000000000022c                PIN_INT3_IRQHandler
                0x0000000000000234                PIN_INT4_IRQHandler
                0x000000000000023c                PIN_INT5_IRQHandler
                0x0000000000000244                PIN_INT6_IRQHandler
                0x000000000000024c                PIN_INT7_IRQHandler
 *(SORT_BY_ALIGNMENT(.text*))
 .text.CLOCK_EnableClock
                0x0000000000000254       0x30 ./source/RS485SPISlave.o
 .text.CLOCK_SetClkDivider
                0x0000000000000284       0x30 ./source/RS485SPISlave.o
 .text.DMA_EnableChannel
                0x00000000000002b4       0x5c ./source/RS485SPISlave.o
 .text.DMA_SetChannelPriority
                0x0000000000000310       0x54 ./source/RS485SPISlave.o
 .text.SPI_DmaTxCallback
                0x0000000000000364       0x24 ./source/RS485SPISlave.o
 .text.SPI_DmaRxCallback
                0x0000000000000388       0x84 ./source/RS485SPISlave.o
 .text.USARTUserCallback
                0x000000000000040c       0xb0 ./source/RS485SPISlave.o
 .text.USARTInit
                0x00000000000004bc       0x40 ./source/RS485SPISlave.o
 .text.USARTPrepareTransfer
                0x00000000000004fc       0x4c ./source/RS485SPISlave.o
 .text.SPISlaveInit
                0x0000000000000548       0x28 ./source/RS485SPISlave.o
 .text.SlaveDMASetup
                0x0000000000000570       0x84 ./source/RS485SPISlave.o
 .text.SlaveStartDMATransfer
                0x00000000000005f4       0x84 ./source/RS485SPISlave.o
 .text.HardFault_Handler
                0x0000000000000678       0x30 ./source/semihost_hardfault.o
                0x0000000000000678                HardFault_Handler
 .text.CLOCK_GetCoreSysClkFreq
                0x00000000000006a8       0x24 ./drivers/fsl_clock.o
 .text.CLOCK_GetSystemPLLFreq
                0x00000000000006cc       0x20 ./drivers/fsl_clock.o
 .text.CLOCK_GetWdtOscFreq
                0x00000000000006ec       0x14 ./drivers/fsl_clock.o
 .text.CLOCK_GetExtClkFreq
                0x0000000000000700       0x14 ./drivers/fsl_clock.o
 .text.CLOCK_UpdateClkSrc
                0x0000000000000714       0x4c ./drivers/fsl_clock.o
 .text.CLOCK_GetIrcFreq
                0x0000000000000760       0x10 ./drivers/fsl_clock.o
                0x0000000000000760                CLOCK_GetIrcFreq
 .text.CLOCK_GetSysOscFreq
                0x0000000000000770       0x30 ./drivers/fsl_clock.o
                0x0000000000000770                CLOCK_GetSysOscFreq
 .text.CLOCK_GetMainClkFreq
                0x00000000000007a0       0x54 ./drivers/fsl_clock.o
                0x00000000000007a0                CLOCK_GetMainClkFreq
 .text.CLOCK_GetFreq
                0x00000000000007f4       0x70 ./drivers/fsl_clock.o
                0x00000000000007f4                CLOCK_GetFreq
 .text.CLOCK_GetSystemPLLInClockRate
                0x0000000000000864       0x4c ./drivers/fsl_clock.o
                0x0000000000000864                CLOCK_GetSystemPLLInClockRate
 .text.findSyestemPllPsel
                0x00000000000008b0       0x50 ./drivers/fsl_clock.o
 .text.CLOCK_InitSystemPll
                0x0000000000000900      0x104 ./drivers/fsl_clock.o
                0x0000000000000900                CLOCK_InitSystemPll
 .text.CLOCK_SetMainClkSrc
                0x0000000000000a04       0x6c ./drivers/fsl_clock.o
                0x0000000000000a04                CLOCK_SetMainClkSrc
 .text.__NVIC_EnableIRQ
                0x0000000000000a70       0x34 ./drivers/fsl_dma.o
 .text.CLOCK_EnableClock
                0x0000000000000aa4       0x30 ./drivers/fsl_dma.o
 .text.DMA_ChannelIsActive
                0x0000000000000ad4       0x50 ./drivers/fsl_dma.o
 .text.DMA_EnableChannelInterrupts
                0x0000000000000b24       0x5c ./drivers/fsl_dma.o
 .text.DMA_EnableChannelPeriphRq
                0x0000000000000b80       0x40 ./drivers/fsl_dma.o
 .text.DMA_DisableChannelPeriphRq
                0x0000000000000bc0       0x40 ./drivers/fsl_dma.o
 .text.DMA_GetInstance
                0x0000000000000c00       0x48 ./drivers/fsl_dma.o
 .text.DMA_Init
                0x0000000000000c48       0x38 ./drivers/fsl_dma.o
                0x0000000000000c48                DMA_Init
 .text.DMA_SetupXferCFG
                0x0000000000000c80      0x1b8 ./drivers/fsl_dma.o
 .text.DMA_CreateDescriptor
                0x0000000000000e38       0xf0 ./drivers/fsl_dma.o
                0x0000000000000e38                DMA_CreateDescriptor
 .text.DMA_CreateHandle
                0x0000000000000f28       0x7c ./drivers/fsl_dma.o
                0x0000000000000f28                DMA_CreateHandle
 .text.DMA_SetCallback
                0x0000000000000fa4       0x34 ./drivers/fsl_dma.o
                0x0000000000000fa4                DMA_SetCallback
 .text.DMA_PrepareTransfer
                0x0000000000000fd8      0x134 ./drivers/fsl_dma.o
                0x0000000000000fd8                DMA_PrepareTransfer
 .text.DMA_SubmitTransfer
                0x000000000000110c       0xb8 ./drivers/fsl_dma.o
                0x000000000000110c                DMA_SubmitTransfer
 .text.DMA_StartTransfer
                0x00000000000011c4      0x100 ./drivers/fsl_dma.o
                0x00000000000011c4                DMA_StartTransfer
 .text.DMA_IRQHandle
                0x00000000000012c4      0x168 ./drivers/fsl_dma.o
                0x00000000000012c4                DMA_IRQHandle
 .text.DMA0_DriverIRQHandler
                0x000000000000142c       0x18 ./drivers/fsl_dma.o
                0x000000000000142c                DMA0_DriverIRQHandler
 .text.PINT_PatternMatchResetDetectLogic
                0x0000000000001444       0x34 ./drivers/fsl_pint.o
                0x0000000000001444                PINT_PatternMatchResetDetectLogic
 .text.PIN_INT0_DriverIRQHandler
                0x0000000000001478       0x4c ./drivers/fsl_pint.o
                0x0000000000001478                PIN_INT0_DriverIRQHandler
 .text.PIN_INT1_DriverIRQHandler
                0x00000000000014c4       0x4c ./drivers/fsl_pint.o
                0x00000000000014c4                PIN_INT1_DriverIRQHandler
 .text.PIN_INT2_DriverIRQHandler
                0x0000000000001510       0x4c ./drivers/fsl_pint.o
                0x0000000000001510                PIN_INT2_DriverIRQHandler
 .text.PIN_INT3_DriverIRQHandler
                0x000000000000155c       0x4c ./drivers/fsl_pint.o
                0x000000000000155c                PIN_INT3_DriverIRQHandler
 .text.PIN_INT4_DriverIRQHandler
                0x00000000000015a8       0x4c ./drivers/fsl_pint.o
                0x00000000000015a8                PIN_INT4_DriverIRQHandler
 .text.RESET_SetPeripheralReset
                0x00000000000015f4       0x48 ./drivers/fsl_reset.o
 .text.RESET_ClearPeripheralReset
                0x000000000000163c       0x48 ./drivers/fsl_reset.o
 .text.CLOCK_EnableClock
                0x0000000000001684       0x30 ./drivers/fsl_spi.o
 .text.SPI_GetInstance
                0x00000000000016b4       0x5c ./drivers/fsl_spi.o
                0x00000000000016b4                SPI_GetInstance
 .text.SPI_SetDummyData
                0x0000000000001710       0x34 ./drivers/fsl_spi.o
                0x0000000000001710                SPI_SetDummyData
 .text.SPI_SlaveGetDefaultConfig
                0x0000000000001744       0x58 ./drivers/fsl_spi.o
                0x0000000000001744                SPI_SlaveGetDefaultConfig
 .text.SPI_SlaveInit
                0x000000000000179c       0xd4 ./drivers/fsl_spi.o
                0x000000000000179c                SPI_SlaveInit
 .text.SPI_CommonIRQHandler
                0x0000000000001870       0x40 ./drivers/fsl_spi.o
 .text.SPI0_DriverIRQHandler
                0x00000000000018b0       0x34 ./drivers/fsl_spi.o
                0x00000000000018b0                SPI0_DriverIRQHandler
 .text.SPI1_DriverIRQHandler
                0x00000000000018e4       0x34 ./drivers/fsl_spi.o
                0x00000000000018e4                SPI1_DriverIRQHandler
 .text.SWM_SetMovablePinSelect
                0x0000000000001918       0x9c ./drivers/fsl_swm.o
                0x0000000000001918                SWM_SetMovablePinSelect
 .text.__NVIC_EnableIRQ
                0x00000000000019b4       0x34 ./drivers/fsl_usart.o
 .text.CLOCK_EnableClock
                0x00000000000019e8       0x30 ./drivers/fsl_usart.o
 .text.USART_GetInstance
                0x0000000000001a18       0x44 ./drivers/fsl_usart.o
                0x0000000000001a18                USART_GetInstance
 .text.USART_TransferGetRxRingBufferLength
                0x0000000000001a5c       0x64 ./drivers/fsl_usart.o
                0x0000000000001a5c                USART_TransferGetRxRingBufferLength
 .text.USART_TransferIsRxRingBufferFull
                0x0000000000001ac0       0x58 ./drivers/fsl_usart.o
 .text.USART_Init
                0x0000000000001b18       0xf8 ./drivers/fsl_usart.o
                0x0000000000001b18                USART_Init
 .text.USART_GetDefaultConfig
                0x0000000000001c10       0x60 ./drivers/fsl_usart.o
                0x0000000000001c10                USART_GetDefaultConfig
 .text.USART_SetBaudRate
                0x0000000000001c70      0x134 ./drivers/fsl_usart.o
                0x0000000000001c70                USART_SetBaudRate
 .text.USART_TransferCreateHandle
                0x0000000000001da4       0x98 ./drivers/fsl_usart.o
                0x0000000000001da4                USART_TransferCreateHandle
 .text.USART_TransferSendNonBlocking
                0x0000000000001e3c       0x9c ./drivers/fsl_usart.o
                0x0000000000001e3c                USART_TransferSendNonBlocking
 .text.USART_TransferReceiveNonBlocking
                0x0000000000001ed8      0x194 ./drivers/fsl_usart.o
                0x0000000000001ed8                USART_TransferReceiveNonBlocking
 .text.USART_TransferHandleIRQ
                0x000000000000206c      0x24c ./drivers/fsl_usart.o
                0x000000000000206c                USART_TransferHandleIRQ
 .text.USART0_DriverIRQHandler
                0x00000000000022b8       0x24 ./drivers/fsl_usart.o
                0x00000000000022b8                USART0_DriverIRQHandler
 .text.USART1_DriverIRQHandler
                0x00000000000022dc       0x24 ./drivers/fsl_usart.o
                0x00000000000022dc                USART1_DriverIRQHandler
 .text.USART2_DriverIRQHandler
                0x0000000000002300       0x24 ./drivers/fsl_usart.o
                0x0000000000002300                USART2_DriverIRQHandler
 .text.SystemInit
                0x0000000000002324       0x2c ./device/system_LPC824.o
                0x0000000000002324                SystemInit
 .text.CLOCK_Select
                0x0000000000002350       0x38 ./board/clock_config.o
 .text.CLOCK_SetCoreSysClkDiv
                0x0000000000002388       0x3c ./board/clock_config.o
 .text.POWER_DisablePD
                0x00000000000023c4       0x2c ./board/clock_config.o
 .text.BOARD_BootClockIRC12M
                0x00000000000023f0       0x68 ./board/clock_config.o
                0x00000000000023f0                BOARD_BootClockIRC12M
 .text.CLOCK_EnableClock
                0x0000000000002458       0x30 ./board/pin_mux.o
 .text.CLOCK_DisableClock
                0x0000000000002488       0x34 ./board/pin_mux.o
 .text.BOARD_InitPins
                0x00000000000024bc       0x9c ./board/pin_mux.o
                0x00000000000024bc                BOARD_InitPins
 .text.__assertion_failed
                0x0000000000002558       0x4c /usr/local/mcuxpressoide-10.3.0_2200/ide/plugins/com.nxp.mcuxpresso.tools.linux_10.3.0.201811011841/tools/bin/../lib/gcc/arm-none-eabi/7.3.1/../../../../arm-none-eabi/lib/thumb/v6-m/libcr_semihost_nf.a(_cr_assert.o)
                0x0000000000002558                __assertion_failed
 .text.__sys_appexit
                0x00000000000025a4        0xc /usr/local/mcuxpressoide-10.3.0_2200/ide/plugins/com.nxp.mcuxpresso.tools.linux_10.3.0.201811011841/tools/bin/../lib/gcc/arm-none-eabi/7.3.1/../../../../arm-none-eabi/lib/thumb/v6-m/libcr_semihost_nf.a(__sys_appexit.o)
                0x00000000000025a4                __exit
                0x00000000000025a4                __sys_appexit
 .text._deferredlazyseek
                0x00000000000025b0       0x40 /usr/local/mcuxpressoide-10.3.0_2200/ide/plugins/com.nxp.mcuxpresso.tools.linux_10.3.0.201811011841/tools/bin/../lib/gcc/arm-none-eabi/7.3.1/../../../../arm-none-eabi/lib/thumb/v6-m/libcr_c.a(_deferredlazyseek.o)
                0x00000000000025b0                _deferredlazyseek
 .text.__flsbuf
                0x00000000000025f0      0x14c /usr/local/mcuxpressoide-10.3.0_2200/ide/plugins/com.nxp.mcuxpresso.tools.linux_10.3.0.201811011841/tools/bin/../lib/gcc/arm-none-eabi/7.3.1/../../../../arm-none-eabi/lib/thumb/v6-m/libcr_c.a(_deferredlazyseek.o)
                0x00000000000025f0                __flsbuf
 .text._fflush  0x000000000000273c       0x5c /usr/local/mcuxpressoide-10.3.0_2200/ide/plugins/com.nxp.mcuxpresso.tools.linux_10.3.0.201811011841/tools/bin/../lib/gcc/arm-none-eabi/7.3.1/../../../../arm-none-eabi/lib/thumb/v6-m/libcr_c.a(_fflush.o)
                0x000000000000273c                _fflush
 .text._Cwritebuf
                0x0000000000002798       0x68 /usr/local/mcuxpressoide-10.3.0_2200/ide/plugins/com.nxp.mcuxpresso.tools.linux_10.3.0.201811011841/tools/bin/../lib/gcc/arm-none-eabi/7.3.1/../../../../arm-none-eabi/lib/thumb/v6-m/libcr_c.a(_writebuf.o)
                0x0000000000002798                _Cwritebuf
 .text.malloc   0x0000000000002800       0xcc /usr/local/mcuxpressoide-10.3.0_2200/ide/plugins/com.nxp.mcuxpresso.tools.linux_10.3.0.201811011841/tools/bin/../lib/gcc/arm-none-eabi/7.3.1/../../../../arm-none-eabi/lib/thumb/v6-m/libcr_c.a(alloc.o)
                0x0000000000002800                malloc
 .text._Csys_alloc
                0x00000000000028cc       0x20 /usr/local/mcuxpressoide-10.3.0_2200/ide/plugins/com.nxp.mcuxpresso.tools.linux_10.3.0.201811011841/tools/bin/../lib/gcc/arm-none-eabi/7.3.1/../../../../arm-none-eabi/lib/thumb/v6-m/libcr_c.a(alloc.o)
                0x00000000000028cc                _Csys_alloc
 .text.fseek    0x00000000000028ec       0xf0 /usr/local/mcuxpressoide-10.3.0_2200/ide/plugins/com.nxp.mcuxpresso.tools.linux_10.3.0.201811011841/tools/bin/../lib/gcc/arm-none-eabi/7.3.1/../../../../arm-none-eabi/lib/thumb/v6-m/libcr_c.a(fseek.o)
                0x00000000000028ec                fseek
 .text.ftell    0x00000000000029dc       0x48 /usr/local/mcuxpressoide-10.3.0_2200/ide/plugins/com.nxp.mcuxpresso.tools.linux_10.3.0.201811011841/tools/bin/../lib/gcc/arm-none-eabi/7.3.1/../../../../arm-none-eabi/lib/thumb/v6-m/libcr_c.a(ftell.o)
                0x00000000000029dc                ftell
 .text._initio  0x0000000000002a24       0x7c /usr/local/mcuxpressoide-10.3.0_2200/ide/plugins/com.nxp.mcuxpresso.tools.linux_10.3.0.201811011841/tools/bin/../lib/gcc/arm-none-eabi/7.3.1/../../../../arm-none-eabi/lib/thumb/v6-m/libcr_c.a(initio.o)
                0x0000000000002a24                _initio
 .text.setvbuf  0x0000000000002aa0       0x48 /usr/local/mcuxpressoide-10.3.0_2200/ide/plugins/com.nxp.mcuxpresso.tools.linux_10.3.0.201811011841/tools/bin/../lib/gcc/arm-none-eabi/7.3.1/../../../../arm-none-eabi/lib/thumb/v6-m/libcr_c.a(setvbuf.o)
                0x0000000000002aa0                setvbuf
 .text._sbrk    0x0000000000002ae8       0x40 /usr/local/mcuxpressoide-10.3.0_2200/ide/plugins/com.nxp.mcuxpresso.tools.linux_10.3.0.201811011841/tools/bin/../lib/gcc/arm-none-eabi/7.3.1/../../../../arm-none-eabi/lib/thumb/v6-m/libcr_c.a(_cr_sbrk.o)
                0x0000000000002ae8                _sbrk
 .text._fdopen  0x0000000000002b28       0x74 /usr/local/mcuxpressoide-10.3.0_2200/ide/plugins/com.nxp.mcuxpresso.tools.linux_10.3.0.201811011841/tools/bin/../lib/gcc/arm-none-eabi/7.3.1/../../../../arm-none-eabi/lib/thumb/v6-m/libcr_c.a(_fdopen.o)
                0x0000000000002b28                _fdopen
 .text.fclose   0x0000000000002b9c       0x5c /usr/local/mcuxpressoide-10.3.0_2200/ide/plugins/com.nxp.mcuxpresso.tools.linux_10.3.0.201811011841/tools/bin/../lib/gcc/arm-none-eabi/7.3.1/../../../../arm-none-eabi/lib/thumb/v6-m/libcr_c.a(fclose.o)
                0x0000000000002b9c                fclose
 .text.fflush   0x0000000000002bf8       0x44 /usr/local/mcuxpressoide-10.3.0_2200/ide/plugins/com.nxp.mcuxpresso.tools.linux_10.3.0.201811011841/tools/bin/../lib/gcc/arm-none-eabi/7.3.1/../../../../arm-none-eabi/lib/thumb/v6-m/libcr_c.a(fflush.o)
                0x0000000000002bf8                fflush
 .text.strlen   0x0000000000002c3c       0x58 /usr/local/mcuxpressoide-10.3.0_2200/ide/plugins/com.nxp.mcuxpresso.tools.linux_10.3.0.201811011841/tools/bin/../lib/gcc/arm-none-eabi/7.3.1/../../../../arm-none-eabi/lib/thumb/v6-m/libcr_c.a(strlen.o)
                0x0000000000002c3c                strlen
 .text.__check_heap_overflow
                0x0000000000002c94       0x14 /usr/local/mcuxpressoide-10.3.0_2200/ide/plugins/com.nxp.mcuxpresso.tools.linux_10.3.0.201811011841/tools/bin/../lib/gcc/arm-none-eabi/7.3.1/../../../../arm-none-eabi/lib/thumb/v6-m/libcr_c.a(_cr_check_heap.o)
                0x0000000000002c94                __check_heap_overflow
 .text._do_fflush
                0x0000000000002ca8       0x44 /usr/local/mcuxpressoide-10.3.0_2200/ide/plugins/com.nxp.mcuxpresso.tools.linux_10.3.0.201811011841/tools/bin/../lib/gcc/arm-none-eabi/7.3.1/../../../../arm-none-eabi/lib/thumb/v6-m/libcr_c.a(_do_fflush.o)
                0x0000000000002ca8                _do_fflush
 .text.GPIO_PinWrite
                0x0000000000002cec       0x34 ./source/RS485SPISlave.o
 .text.main     0x0000000000002d20       0x48 ./source/RS485SPISlave.o
                0x0000000000002d20                main
 .text.EnableIRQ
                0x0000000000002d68       0x30 ./drivers/fsl_dma.o
 .text.DMA_GetVirtualStartChannel
                0x0000000000002d98       0x44 ./drivers/fsl_dma.o
 .text.DMA_SetupDescriptor
                0x0000000000002ddc       0x2e ./drivers/fsl_dma.o
 .text.PINT_PinInterruptClrStatus
                0x0000000000002e0a       0x22 ./drivers/fsl_pint.o
 .text.RESET_PeripheralReset
                0x0000000000002e2c       0x28 ./drivers/fsl_reset.o
                0x0000000000002e2c                RESET_PeripheralReset
 .text.SPI_Enable
                0x0000000000002e54       0x3a ./drivers/fsl_spi.o
 .text.SPI_IsMaster
                0x0000000000002e8e       0x1e ./drivers/fsl_spi.o
 .text.EnableIRQ
                0x0000000000002eac       0x30 ./drivers/fsl_usart.o
 .text.USART_GetStatusFlags
                0x0000000000002edc       0x14 ./drivers/fsl_usart.o
 .text.USART_EnableInterrupts
                0x0000000000002ef0       0x1c ./drivers/fsl_usart.o
 .text.USART_DisableInterrupts
                0x0000000000002f0c       0x1c ./drivers/fsl_usart.o
 .text.USART_EnableTx
                0x0000000000002f28       0x46 ./drivers/fsl_usart.o
 .text.USART_EnableRx
                0x0000000000002f6e       0x44 ./drivers/fsl_usart.o
 .text.SystemInitHook
                0x0000000000002fb2        0xa ./device/system_LPC824.o
                0x0000000000002fb2                SystemInitHook
 .text.BOARD_InitBootClocks
                0x0000000000002fbc        0xe ./board/clock_config.o
                0x0000000000002fbc                BOARD_InitBootClocks
 .text.BOARD_InitBootPeripherals
                0x0000000000002fca        0xa ./board/peripherals.o
                0x0000000000002fca                BOARD_InitBootPeripherals
 .text.BOARD_InitBootPins
                0x0000000000002fd4       0x12 ./board/pin_mux.o
                0x0000000000002fd4                BOARD_InitBootPins
 .text.BOARD_InitDEBUG_UARTPins
                0x0000000000002fe6       0x10 ./board/pin_mux.o
                0x0000000000002fe6                BOARD_InitDEBUG_UARTPins
 .text.__main   0x0000000000002ff6        0xc /usr/local/mcuxpressoide-10.3.0_2200/ide/plugins/com.nxp.mcuxpresso.tools.linux_10.3.0.201811011841/tools/bin/../lib/gcc/arm-none-eabi/7.3.1/../../../../arm-none-eabi/lib/thumb/v6-m/libcr_semihost_nf.a(_cr__main.o)
                0x0000000000002ff6                __main
                0x0000000000002ff6                __CR_SEMIHOST
 .text.memset   0x0000000000003002        0x8 /usr/local/mcuxpressoide-10.3.0_2200/ide/plugins/com.nxp.mcuxpresso.tools.linux_10.3.0.201811011841/tools/bin/../lib/gcc/arm-none-eabi/7.3.1/../../../../arm-none-eabi/lib/thumb/v6-m/libcr_c.a(memset.o)
                0x0000000000003002                memset
 .text.free     0x000000000000300a       0x2c /usr/local/mcuxpressoide-10.3.0_2200/ide/plugins/com.nxp.mcuxpresso.tools.linux_10.3.0.201811011841/tools/bin/../lib/gcc/arm-none-eabi/7.3.1/../../../../arm-none-eabi/lib/thumb/v6-m/libcr_c.a(alloc.o)
                0x000000000000300a                free
 .text.fputs    0x0000000000003036       0x2e /usr/local/mcuxpressoide-10.3.0_2200/ide/plugins/com.nxp.mcuxpresso.tools.linux_10.3.0.201811011841/tools/bin/../lib/gcc/arm-none-eabi/7.3.1/../../../../arm-none-eabi/lib/thumb/v6-m/libcr_c.a(fputs.o)
                0x0000000000003036                fputs
 .text.remove   0x0000000000003064       0x12 /usr/local/mcuxpressoide-10.3.0_2200/ide/plugins/com.nxp.mcuxpresso.tools.linux_10.3.0.201811011841/tools/bin/../lib/gcc/arm-none-eabi/7.3.1/../../../../arm-none-eabi/lib/thumb/v6-m/libcr_c.a(remove.o)
                0x0000000000003064                remove
 .text.__aeabi_division_idivmod
                0x0000000000003076       0x78 /usr/local/mcuxpressoide-10.3.0_2200/ide/plugins/com.nxp.mcuxpresso.tools.linux_10.3.0.201811011841/tools/bin/../lib/gcc/arm-none-eabi/7.3.1/thumb/v6-m/libcr_eabihelpers.a(division_32.o)
                0x0000000000003076                __aeabi_idiv
                0x0000000000003076                __aeabi_idivmod
                0x000000000000307c                __aeabi_uidiv
                0x000000000000307c                __aeabi_uidivmod
 .text.__aeabi_division_idiv0
                0x00000000000030ee        0x2 /usr/local/mcuxpressoide-10.3.0_2200/ide/plugins/com.nxp.mcuxpresso.tools.linux_10.3.0.201811011841/tools/bin/../lib/gcc/arm-none-eabi/7.3.1/thumb/v6-m/libcr_eabihelpers.a(division_idiv0.o)
                0x00000000000030ee                __aeabi_idiv0
 .text.__aeabi_memset_lowlevel
                0x00000000000030f0       0x2a /usr/local/mcuxpressoide-10.3.0_2200/ide/plugins/com.nxp.mcuxpresso.tools.linux_10.3.0.201811011841/tools/bin/../lib/gcc/arm-none-eabi/7.3.1/thumb/v6-m/libcr_eabihelpers.a(memcpy.o)
                0x00000000000030f0                __aeabi_lowlevel_memset
 .text.__sys_close
                0x000000000000311a        0xc /usr/local/mcuxpressoide-10.3.0_2200/ide/plugins/com.nxp.mcuxpresso.tools.linux_10.3.0.201811011841/tools/bin/../lib/gcc/arm-none-eabi/7.3.1/../../../../arm-none-eabi/lib/thumb/v6-m/libcr_semihost_nf.a(__sys_close.o)
                0x000000000000311a                __sys_close
 .text.__sys_flen
                0x0000000000003126        0xc /usr/local/mcuxpressoide-10.3.0_2200/ide/plugins/com.nxp.mcuxpresso.tools.linux_10.3.0.201811011841/tools/bin/../lib/gcc/arm-none-eabi/7.3.1/../../../../arm-none-eabi/lib/thumb/v6-m/libcr_semihost_nf.a(__sys_flen.o)
                0x0000000000003126                __sys_flen
 .text.__sys_istty
                0x0000000000003132        0xc /usr/local/mcuxpressoide-10.3.0_2200/ide/plugins/com.nxp.mcuxpresso.tools.linux_10.3.0.201811011841/tools/bin/../lib/gcc/arm-none-eabi/7.3.1/../../../../arm-none-eabi/lib/thumb/v6-m/libcr_semihost_nf.a(__sys_istty.o)
                0x0000000000003132                __sys_istty
 .text.__sys_remove
                0x000000000000313e        0xc /usr/local/mcuxpressoide-10.3.0_2200/ide/plugins/com.nxp.mcuxpresso.tools.linux_10.3.0.201811011841/tools/bin/../lib/gcc/arm-none-eabi/7.3.1/../../../../arm-none-eabi/lib/thumb/v6-m/libcr_semihost_nf.a(__sys_remove.o)
                0x000000000000313e                __sys_remove
 .text.__sys_seek
                0x000000000000314a        0xc /usr/local/mcuxpressoide-10.3.0_2200/ide/plugins/com.nxp.mcuxpresso.tools.linux_10.3.0.201811011841/tools/bin/../lib/gcc/arm-none-eabi/7.3.1/../../../../arm-none-eabi/lib/thumb/v6-m/libcr_semihost_nf.a(__sys_seek.o)
                0x000000000000314a                __sys_seek
 .text.__sys_tmpnam
                0x0000000000003156        0xc /usr/local/mcuxpressoide-10.3.0_2200/ide/plugins/com.nxp.mcuxpresso.tools.linux_10.3.0.201811011841/tools/bin/../lib/gcc/arm-none-eabi/7.3.1/../../../../arm-none-eabi/lib/thumb/v6-m/libcr_semihost_nf.a(__sys_tmpnam.o)
                0x0000000000003156                __sys_tmpnam
 .text.__sys_write
                0x0000000000003162        0xc /usr/local/mcuxpressoide-10.3.0_2200/ide/plugins/com.nxp.mcuxpresso.tools.linux_10.3.0.201811011841/tools/bin/../lib/gcc/arm-none-eabi/7.3.1/../../../../arm-none-eabi/lib/thumb/v6-m/libcr_semihost_nf.a(__sys_write.o)
                0x0000000000003162                __sys_write
 *(SORT_BY_ALIGNMENT(.rodata) SORT_BY_ALIGNMENT(.rodata.*) SORT_BY_ALIGNMENT(.constdata) SORT_BY_ALIGNMENT(.constdata.*))
 *fill*         0x000000000000316e        0x2 ff
 .rodata        0x0000000000003170       0x9f ./source/RS485SPISlave.o
 *fill*         0x000000000000320f        0x1 ff
 .rodata        0x0000000000003210       0xd1 ./drivers/fsl_clock.o
 *fill*         0x00000000000032e1        0x3 ff
 .rodata.CLOCK_GetFreq
                0x00000000000032e4       0x20 ./drivers/fsl_clock.o
 .rodata        0x0000000000003304      0x86a ./drivers/fsl_dma.o
 *fill*         0x0000000000003b6e        0x2 ff
 .rodata        0x0000000000003b70       0x55 ./drivers/fsl_reset.o
 *fill*         0x0000000000003bc5        0x3 ff
 .rodata        0x0000000000003bc8      0x502 ./drivers/fsl_spi.o
 *fill*         0x00000000000040ca        0x2 ff
 .rodata.s_spiClock
                0x00000000000040cc        0x2 ./drivers/fsl_spi.o
 *fill*         0x00000000000040ce        0x2 ff
 .rodata.s_spiReset
                0x00000000000040d0        0x2 ./drivers/fsl_spi.o
 *fill*         0x00000000000040d2        0x2 ff
 .rodata.s_spiBaseAddrs
                0x00000000000040d4        0x8 ./drivers/fsl_spi.o
 .rodata        0x00000000000040dc       0xd0 ./drivers/fsl_swm.o
 .rodata.s_usartIRQ
                0x00000000000041ac        0x3 ./drivers/fsl_usart.o
 *fill*         0x00000000000041af        0x1 ff
 .rodata.s_usartBaseAddrs
                0x00000000000041b0        0xc ./drivers/fsl_usart.o
 .rodata.s_usartClock
                0x00000000000041bc        0x3 ./drivers/fsl_usart.o
 *fill*         0x00000000000041bf        0x1 ff
 .rodata.s_usartRest
                0x00000000000041c0        0x3 ./drivers/fsl_usart.o
 *fill*         0x00000000000041c3        0x1 ff
 .rodata        0x00000000000041c4      0x610 ./drivers/fsl_usart.o
 .rodata        0x00000000000047d4       0x29 ./board/clock_config.o
 *fill*         0x00000000000047fd        0x3 ff
 .rodata.__num_Ciob_streams
                0x0000000000004800        0x4 /usr/local/mcuxpressoide-10.3.0_2200/ide/plugins/com.nxp.mcuxpresso.tools.linux_10.3.0.201811011841/tools/bin/../lib/gcc/arm-none-eabi/7.3.1/../../../../arm-none-eabi/lib/thumb/v6-m/libcr_semihost_nf.a(__ciob.o)
                0x0000000000004800                __num_Ciob_streams
 .rodata.__assertion_failed.str1.1
                0x0000000000004804       0x15 /usr/local/mcuxpressoide-10.3.0_2200/ide/plugins/com.nxp.mcuxpresso.tools.linux_10.3.0.201811011841/tools/bin/../lib/gcc/arm-none-eabi/7.3.1/../../../../arm-none-eabi/lib/thumb/v6-m/libcr_semihost_nf.a(_cr_assert.o)
 .rodata._Csys_alloc.str1.1
                0x0000000000004819       0x18 /usr/local/mcuxpressoide-10.3.0_2200/ide/plugins/com.nxp.mcuxpresso.tools.linux_10.3.0.201811011841/tools/bin/../lib/gcc/arm-none-eabi/7.3.1/../../../../arm-none-eabi/lib/thumb/v6-m/libcr_c.a(alloc.o)
 .rodata._initio.str1.1
                0x0000000000004831        0x4 /usr/local/mcuxpressoide-10.3.0_2200/ide/plugins/com.nxp.mcuxpresso.tools.linux_10.3.0.201811011841/tools/bin/../lib/gcc/arm-none-eabi/7.3.1/../../../../arm-none-eabi/lib/thumb/v6-m/libcr_c.a(initio.o)
                0x0000000000004838                . = ALIGN (0x4)
 *fill*         0x0000000000004835        0x3 ff

.glue_7         0x0000000000004838        0x0
 .glue_7        0x0000000000004838        0x0 linker stubs

.glue_7t        0x0000000000004838        0x0
 .glue_7t       0x0000000000004838        0x0 linker stubs

.vfp11_veneer   0x0000000000004838        0x0
 .vfp11_veneer  0x0000000000004838        0x0 linker stubs

.v4_bx          0x0000000000004838        0x0
 .v4_bx         0x0000000000004838        0x0 linker stubs

.iplt           0x0000000000004838        0x0
 .iplt          0x0000000000004838        0x0 ./startup/startup_lpc824.o

.rel.dyn        0x0000000000004838        0x0
 .rel.iplt      0x0000000000004838        0x0 ./startup/startup_lpc824.o

.ARM.extab
 *(SORT_BY_ALIGNMENT(.ARM.extab*) SORT_BY_ALIGNMENT(.gnu.linkonce.armextab.*))
                0x0000000000004838                __exidx_start = .

.ARM.exidx
 *(SORT_BY_ALIGNMENT(.ARM.exidx*) SORT_BY_ALIGNMENT(.gnu.linkonce.armexidx.*))
                0x0000000000004838                __exidx_end = .
                0x0000000000004838                _etext = .

.mtb_buffer_default
                0x0000000010000000       0x80
 *(SORT_BY_ALIGNMENT(.mtb*))
 .mtb.$RAM1     0x0000000010000000       0x80 ./source/mtb.o
                0x0000000010000000                __mtb_buffer__

.uninit_RESERVED
                0x0000000010000080        0x0
 *(SORT_BY_ALIGNMENT(.bss.$RESERVED*))
                0x0000000010000080                . = ALIGN (0x4)
                0x0000000010000080                _end_uninit_RESERVED = .

.data           0x0000000010000080        0x4 load address 0x0000000000004838
 FILL mask 0xff
                0x0000000010000080                _data = .
 *(SORT_BY_ALIGNMENT(vtable))
 *(SORT_BY_ALIGNMENT(.ramfunc*))
 *(SORT_BY_ALIGNMENT(.data*))
 .data.SystemCoreClock
                0x0000000010000080        0x4 ./device/system_LPC824.o
                0x0000000010000080                SystemCoreClock
                0x0000000010000084                . = ALIGN (0x4)
                0x0000000010000084                _edata = .

.igot.plt       0x0000000010000084        0x0 load address 0x000000000000483c
 .igot.plt      0x0000000010000084        0x0 ./startup/startup_lpc824.o

.bss            0x0000000010000200      0x390 load address 0x000000000000483c
                0x0000000010000200                _bss = .
 *(SORT_BY_ALIGNMENT(.bss*))
 .bss.s_dma_descriptor_table
                0x0000000010000200      0x190 ./drivers/fsl_dma.o
 .bss.g_usartHandle
                0x0000000010000390       0x30 ./source/RS485SPISlave.o
                0x0000000010000390                g_usartHandle
 .bss.Uart_TxBuffer
                0x00000000100003c0        0x6 ./source/RS485SPISlave.o
                0x00000000100003c0                Uart_TxBuffer
 *fill*         0x00000000100003c6        0x2 
 .bss.Uart_RxBuffer
                0x00000000100003c8        0x6 ./source/RS485SPISlave.o
                0x00000000100003c8                Uart_RxBuffer
 *fill*         0x00000000100003ce        0x2 
 .bss.sendXfer  0x00000000100003d0        0x8 ./source/RS485SPISlave.o
                0x00000000100003d0                sendXfer
 .bss.receiveXfer
                0x00000000100003d8        0x8 ./source/RS485SPISlave.o
                0x00000000100003d8                receiveXfer
 .bss.slaveTxHandle
                0x00000000100003e0       0x10 ./source/RS485SPISlave.o
                0x00000000100003e0                slaveTxHandle
 .bss.slaveRxHandle
                0x00000000100003f0       0x10 ./source/RS485SPISlave.o
                0x00000000100003f0                slaveRxHandle
 .bss.MotorUpdate
                0x0000000010000400        0xa ./source/RS485SPISlave.o
 *fill*         0x000000001000040a        0x2 
 .bss.MotorData
                0x000000001000040c        0xa ./source/RS485SPISlave.o
 *fill*         0x0000000010000416        0x2 
 .bss.g_Ext_Clk_Freq
                0x0000000010000418        0x4 ./drivers/fsl_clock.o
                0x0000000010000418                g_Ext_Clk_Freq
 .bss.g_Wdt_Osc_Freq
                0x000000001000041c        0x4 ./drivers/fsl_clock.o
                0x000000001000041c                g_Wdt_Osc_Freq
 .bss.s_Sys_Pll_Freq
                0x0000000010000420        0x4 ./drivers/fsl_clock.o
 .bss.s_DMAHandle
                0x0000000010000424       0x64 ./drivers/fsl_dma.o
 .bss.s_pintCallback
                0x0000000010000488       0x20 ./drivers/fsl_pint.o
 .bss.s_spiHandle
                0x00000000100004a8        0x8 ./drivers/fsl_spi.o
 .bss.s_spiMasterIsr
                0x00000000100004b0        0x4 ./drivers/fsl_spi.o
 .bss.s_spiSlaveIsr
                0x00000000100004b4        0x4 ./drivers/fsl_spi.o
 .bss.s_dummyData
                0x00000000100004b8        0x4 ./drivers/fsl_spi.o
                0x00000000100004b8                s_dummyData
 .bss.s_usartHandle
                0x00000000100004bc        0xc ./drivers/fsl_usart.o
 .bss.s_usartIsr
                0x00000000100004c8        0x4 ./drivers/fsl_usart.o
 .bss.__Ciob    0x00000000100004cc       0xb4 /usr/local/mcuxpressoide-10.3.0_2200/ide/plugins/com.nxp.mcuxpresso.tools.linux_10.3.0.201811011841/tools/bin/../lib/gcc/arm-none-eabi/7.3.1/../../../../arm-none-eabi/lib/thumb/v6-m/libcr_semihost_nf.a(__ciob.o)
                0x00000000100004cc                __Ciob
 .bss.__end_of_heap
                0x0000000010000580        0x4 /usr/local/mcuxpressoide-10.3.0_2200/ide/plugins/com.nxp.mcuxpresso.tools.linux_10.3.0.201811011841/tools/bin/../lib/gcc/arm-none-eabi/7.3.1/../../../../arm-none-eabi/lib/thumb/v6-m/libcr_c.a(__init_alloc.o)
                0x0000000010000580                __end_of_heap
 .bss.__heaps   0x0000000010000584        0x4 /usr/local/mcuxpressoide-10.3.0_2200/ide/plugins/com.nxp.mcuxpresso.tools.linux_10.3.0.201811011841/tools/bin/../lib/gcc/arm-none-eabi/7.3.1/../../../../arm-none-eabi/lib/thumb/v6-m/libcr_c.a(__init_alloc.o)
                0x0000000010000584                __heaps
 .bss.errno     0x0000000010000588        0x4 /usr/local/mcuxpressoide-10.3.0_2200/ide/plugins/com.nxp.mcuxpresso.tools.linux_10.3.0.201811011841/tools/bin/../lib/gcc/arm-none-eabi/7.3.1/../../../../arm-none-eabi/lib/thumb/v6-m/libcr_c.a(errno.o)
                0x0000000010000588                errno
 .bss.SlaveTxFinished
                0x000000001000058c        0x1 ./source/RS485SPISlave.o
 .bss.SlaveRxFinished
                0x000000001000058d        0x1 ./source/RS485SPISlave.o
 *(SORT_BY_ALIGNMENT(COMMON))
                0x0000000010000590                . = ALIGN (0x4)
 *fill*         0x000000001000058e        0x2 
                0x0000000010000590                _ebss = .
                [!provide]                        PROVIDE (end = .)

.noinit         0x0000000010000590        0x0 load address 0x000000000000483c
                0x0000000010000590                _noinit = .
 *(SORT_BY_ALIGNMENT(.noinit*))
                0x0000000010000590                . = ALIGN (0x4)
                0x0000000010000590                _end_noinit = .
                0x0000000000000200                _HeapSize = 0x200

.heap           0x0000000010000590      0x200 load address 0x000000000000483c
                0x0000000010000590                _pvHeapStart = .
                0x0000000010000790                . = (. + _HeapSize)
 *fill*         0x0000000010000590      0x200 
                0x0000000010000790                . = ALIGN (0x4)
                0x0000000010000790                _pvHeapLimit = .
                0x0000000000000200                _StackSize = 0x200

.heap2stackfill
                0x0000000010000790      0x200 load address 0x000000000000483c
                0x0000000010000990                . = (. + _StackSize)
 *fill*         0x0000000010000790      0x200 

.stack          0x0000000010001e00        0x0
                0x0000000010001e00                _vStackBase = .
                0x0000000010001e00                . = ALIGN (0x4)
                0x0000000010002000                _vStackTop = (. + _StackSize)
                0xffffffffefffd769                PROVIDE (__valid_user_code_checksum = (0x0 - (((_vStackTop + (ResetISR + 0x1)) + (DEFINED (NMI_Handler)?NMI_Handler:M0_NMI_Handler + 0x1)) + (DEFINED (HardFault_Handler)?HardFault_Handler:M0_HardFault_Handler + 0x1))))
                0x0000000000000000                _image_start = LOADADDR (.text)
                0x000000000000483c                _image_end = (LOADADDR (.data) + SIZEOF (.data))
                0x000000000000483c                _image_size = (_image_end - _image_start)
OUTPUT(RS485SPISlave.axf elf32-littlearm)

.debug_info     0x0000000000000000     0xabb9
 .debug_info    0x0000000000000000      0x458 ./startup/startup_lpc824.o
 .debug_info    0x0000000000000458     0x19c7 ./source/RS485SPISlave.o
 .debug_info    0x0000000000001e1f       0x52 ./source/mtb.o
 .debug_info    0x0000000000001e71       0x3b ./source/semihost_hardfault.o
 .debug_info    0x0000000000001eac      0xda5 ./drivers/fsl_clock.o
 .debug_info    0x0000000000002c51     0x1697 ./drivers/fsl_dma.o
 .debug_info    0x00000000000042e8     0x1371 ./drivers/fsl_pint.o
 .debug_info    0x0000000000005659      0x5c0 ./drivers/fsl_reset.o
 .debug_info    0x0000000000005c19     0x1958 ./drivers/fsl_spi.o
 .debug_info    0x0000000000007571      0x5a1 ./drivers/fsl_swm.o
 .debug_info    0x0000000000007b12     0x1765 ./drivers/fsl_usart.o
 .debug_info    0x0000000000009277      0x5ff ./device/system_LPC824.o
 .debug_info    0x0000000000009876      0x6a6 ./board/clock_config.o
 .debug_info    0x0000000000009f1c       0x3b ./board/peripherals.o
 .debug_info    0x0000000000009f57      0xc62 ./board/pin_mux.o

.debug_abbrev   0x0000000000000000     0x1b75
 .debug_abbrev  0x0000000000000000      0x16d ./startup/startup_lpc824.o
 .debug_abbrev  0x000000000000016d      0x2c4 ./source/RS485SPISlave.o
 .debug_abbrev  0x0000000000000431       0x44 ./source/mtb.o
 .debug_abbrev  0x0000000000000475       0x2f ./source/semihost_hardfault.o
 .debug_abbrev  0x00000000000004a4      0x2f8 ./drivers/fsl_clock.o
 .debug_abbrev  0x000000000000079c      0x309 ./drivers/fsl_dma.o
 .debug_abbrev  0x0000000000000aa5      0x280 ./drivers/fsl_pint.o
 .debug_abbrev  0x0000000000000d25      0x154 ./drivers/fsl_reset.o
 .debug_abbrev  0x0000000000000e79      0x2f5 ./drivers/fsl_spi.o
 .debug_abbrev  0x000000000000116e      0x189 ./drivers/fsl_swm.o
 .debug_abbrev  0x00000000000012f7      0x2d2 ./drivers/fsl_usart.o
 .debug_abbrev  0x00000000000015c9      0x17d ./device/system_LPC824.o
 .debug_abbrev  0x0000000000001746      0x1e5 ./board/clock_config.o
 .debug_abbrev  0x000000000000192b       0x2f ./board/peripherals.o
 .debug_abbrev  0x000000000000195a      0x21b ./board/pin_mux.o

.debug_aranges  0x0000000000000000      0x888
 .debug_aranges
                0x0000000000000000      0x160 ./startup/startup_lpc824.o
 .debug_aranges
                0x0000000000000160       0x90 ./source/RS485SPISlave.o
 .debug_aranges
                0x00000000000001f0       0x18 ./source/mtb.o
 .debug_aranges
                0x0000000000000208       0x20 ./source/semihost_hardfault.o
 .debug_aranges
                0x0000000000000228       0xc0 ./drivers/fsl_clock.o
 .debug_aranges
                0x00000000000002e8       0xf0 ./drivers/fsl_dma.o
 .debug_aranges
                0x00000000000003d8      0x108 ./drivers/fsl_pint.o
 .debug_aranges
                0x00000000000004e0       0x30 ./drivers/fsl_reset.o
 .debug_aranges
                0x0000000000000510      0x138 ./drivers/fsl_spi.o
 .debug_aranges
                0x0000000000000648       0x28 ./drivers/fsl_swm.o
 .debug_aranges
                0x0000000000000670      0x110 ./drivers/fsl_usart.o
 .debug_aranges
                0x0000000000000780       0x40 ./device/system_LPC824.o
 .debug_aranges
                0x00000000000007c0       0x48 ./board/clock_config.o
 .debug_aranges
                0x0000000000000808       0x20 ./board/peripherals.o
 .debug_aranges
                0x0000000000000828       0x60 ./board/pin_mux.o

.debug_ranges   0x0000000000000000      0x790
 .debug_ranges  0x0000000000000000      0x150 ./startup/startup_lpc824.o
 .debug_ranges  0x0000000000000150       0x80 ./source/RS485SPISlave.o
 .debug_ranges  0x00000000000001d0       0x10 ./source/semihost_hardfault.o
 .debug_ranges  0x00000000000001e0       0xb0 ./drivers/fsl_clock.o
 .debug_ranges  0x0000000000000290       0xe0 ./drivers/fsl_dma.o
 .debug_ranges  0x0000000000000370       0xf8 ./drivers/fsl_pint.o
 .debug_ranges  0x0000000000000468       0x20 ./drivers/fsl_reset.o
 .debug_ranges  0x0000000000000488      0x128 ./drivers/fsl_spi.o
 .debug_ranges  0x00000000000005b0       0x18 ./drivers/fsl_swm.o
 .debug_ranges  0x00000000000005c8      0x100 ./drivers/fsl_usart.o
 .debug_ranges  0x00000000000006c8       0x30 ./device/system_LPC824.o
 .debug_ranges  0x00000000000006f8       0x38 ./board/clock_config.o
 .debug_ranges  0x0000000000000730       0x10 ./board/peripherals.o
 .debug_ranges  0x0000000000000740       0x50 ./board/pin_mux.o

.debug_macro    0x0000000000000000     0x13b5
 .debug_macro   0x0000000000000000       0x32 ./startup/startup_lpc824.o
 .debug_macro   0x0000000000000032       0x34 ./startup/startup_lpc824.o
 .debug_macro   0x0000000000000066      0x1d9 ./source/RS485SPISlave.o
 .debug_macro   0x000000000000023f       0xd8 ./source/RS485SPISlave.o
 .debug_macro   0x0000000000000317       0x22 ./source/RS485SPISlave.o
 .debug_macro   0x0000000000000339       0x1c ./source/RS485SPISlave.o
 .debug_macro   0x0000000000000355       0xf4 ./source/RS485SPISlave.o
 .debug_macro   0x0000000000000449       0x46 ./source/RS485SPISlave.o
 .debug_macro   0x000000000000048f       0x1c ./source/RS485SPISlave.o
 .debug_macro   0x00000000000004ab       0x4c ./source/RS485SPISlave.o
 .debug_macro   0x00000000000004f7       0x1c ./source/RS485SPISlave.o
 .debug_macro   0x0000000000000513       0x70 ./source/RS485SPISlave.o
 .debug_macro   0x0000000000000583       0xbc ./source/RS485SPISlave.o
 .debug_macro   0x000000000000063f       0x2f ./source/mtb.o
 .debug_macro   0x000000000000066e       0x82 ./source/mtb.o
 .debug_macro   0x00000000000006f0       0x10 ./source/mtb.o
 .debug_macro   0x0000000000000700       0x11 ./source/semihost_hardfault.o
 .debug_macro   0x0000000000000711      0x13a ./drivers/fsl_clock.o
 .debug_macro   0x000000000000084b       0x1c ./drivers/fsl_clock.o
 .debug_macro   0x0000000000000867      0x125 ./drivers/fsl_dma.o
 .debug_macro   0x000000000000098c       0x46 ./drivers/fsl_dma.o
 .debug_macro   0x00000000000009d2      0x125 ./drivers/fsl_pint.o
 .debug_macro   0x0000000000000af7       0x6a ./drivers/fsl_pint.o
 .debug_macro   0x0000000000000b61      0x116 ./drivers/fsl_reset.o
 .debug_macro   0x0000000000000c77      0x125 ./drivers/fsl_spi.o
 .debug_macro   0x0000000000000d9c       0x16 ./drivers/fsl_spi.o
 .debug_macro   0x0000000000000db2      0x130 ./drivers/fsl_swm.o
 .debug_macro   0x0000000000000ee2      0x125 ./drivers/fsl_usart.o
 .debug_macro   0x0000000000001007       0x16 ./drivers/fsl_usart.o
 .debug_macro   0x000000000000101d       0x97 ./device/system_LPC824.o
 .debug_macro   0x00000000000010b4      0x136 ./board/clock_config.o
 .debug_macro   0x00000000000011ea       0x1b ./board/peripherals.o
 .debug_macro   0x0000000000001205      0x146 ./board/pin_mux.o
 .debug_macro   0x000000000000134b       0x6a ./board/pin_mux.o

.debug_line     0x0000000000000000     0x38ce
 .debug_line    0x0000000000000000      0x1af ./startup/startup_lpc824.o
 .debug_line    0x00000000000001af      0x4b2 ./source/RS485SPISlave.o
 .debug_line    0x0000000000000661       0xd5 ./source/mtb.o
 .debug_line    0x0000000000000736       0x54 ./source/semihost_hardfault.o
 .debug_line    0x000000000000078a      0x516 ./drivers/fsl_clock.o
 .debug_line    0x0000000000000ca0      0x771 ./drivers/fsl_dma.o
 .debug_line    0x0000000000001411      0x623 ./drivers/fsl_pint.o
 .debug_line    0x0000000000001a34      0x2c1 ./drivers/fsl_reset.o
 .debug_line    0x0000000000001cf5      0x78a ./drivers/fsl_spi.o
 .debug_line    0x000000000000247f      0x2f5 ./drivers/fsl_swm.o
 .debug_line    0x0000000000002774      0x793 ./drivers/fsl_usart.o
 .debug_line    0x0000000000002f07      0x2a6 ./device/system_LPC824.o
 .debug_line    0x00000000000031ad      0x333 ./board/clock_config.o
 .debug_line    0x00000000000034e0       0x58 ./board/peripherals.o
 .debug_line    0x0000000000003538      0x396 ./board/pin_mux.o

.debug_str      0x0000000000000000    0x333f5
 .debug_str     0x0000000000000000     0x31c8 ./startup/startup_lpc824.o
                                       0x3201 (size before relaxing)
 .debug_str     0x00000000000031c8    0x2c55d ./source/RS485SPISlave.o
                                      0x2f366 (size before relaxing)
 .debug_str     0x000000000002f725      0x532 ./source/mtb.o
                                       0x3229 (size before relaxing)
 .debug_str     0x000000000002fc57       0x1f ./source/semihost_hardfault.o
                                       0x2d16 (size before relaxing)
 .debug_str     0x000000000002fc76      0x6f0 ./drivers/fsl_clock.o
                                      0x2ce76 (size before relaxing)
 .debug_str     0x0000000000030366      0x861 ./drivers/fsl_dma.o
                                      0x2d6e1 (size before relaxing)
 .debug_str     0x0000000000030bc7      0x8c5 ./drivers/fsl_pint.o
                                      0x2d7fc (size before relaxing)
 .debug_str     0x000000000003148c       0xc3 ./drivers/fsl_reset.o
                                      0x2c205 (size before relaxing)
 .debug_str     0x000000000003154f      0x7e3 ./drivers/fsl_spi.o
                                      0x2d88a (size before relaxing)
 .debug_str     0x0000000000031d32      0x7b0 ./drivers/fsl_swm.o
                                      0x2c5e2 (size before relaxing)
 .debug_str     0x00000000000324e2      0x6f4 ./drivers/fsl_usart.o
                                      0x2d99e (size before relaxing)
 .debug_str     0x0000000000032bd6       0xcd ./device/system_LPC824.o
                                      0x2afa4 (size before relaxing)
 .debug_str     0x0000000000032ca3      0x2d7 ./board/clock_config.o
                                      0x2c41d (size before relaxing)
 .debug_str     0x0000000000032f7a       0x31 ./board/peripherals.o
                                       0x2d27 (size before relaxing)
 .debug_str     0x0000000000032fab      0x44a ./board/pin_mux.o
                                      0x2d2e0 (size before relaxing)

.comment        0x0000000000000000       0x7f
 .comment       0x0000000000000000       0x7f ./startup/startup_lpc824.o
                                         0x80 (size before relaxing)
 .comment       0x000000000000007f       0x80 ./source/RS485SPISlave.o
 .comment       0x000000000000007f       0x80 ./source/mtb.o
 .comment       0x000000000000007f       0x80 ./source/semihost_hardfault.o
 .comment       0x000000000000007f       0x80 ./drivers/fsl_clock.o
 .comment       0x000000000000007f       0x80 ./drivers/fsl_dma.o
 .comment       0x000000000000007f       0x80 ./drivers/fsl_pint.o
 .comment       0x000000000000007f       0x80 ./drivers/fsl_reset.o
 .comment       0x000000000000007f       0x80 ./drivers/fsl_spi.o
 .comment       0x000000000000007f       0x80 ./drivers/fsl_swm.o
 .comment       0x000000000000007f       0x80 ./drivers/fsl_usart.o
 .comment       0x000000000000007f       0x80 ./device/system_LPC824.o
 .comment       0x000000000000007f       0x80 ./board/clock_config.o
 .comment       0x000000000000007f       0x80 ./board/peripherals.o
 .comment       0x000000000000007f       0x80 ./board/pin_mux.o
 .comment       0x000000000000007f       0x80 /usr/local/mcuxpressoide-10.3.0_2200/ide/plugins/com.nxp.mcuxpresso.tools.linux_10.3.0.201811011841/tools/bin/../lib/gcc/arm-none-eabi/7.3.1/../../../../arm-none-eabi/lib/thumb/v6-m/libcr_semihost_nf.a(_cr__main.o)
 .comment       0x000000000000007f       0x80 /usr/local/mcuxpressoide-10.3.0_2200/ide/plugins/com.nxp.mcuxpresso.tools.linux_10.3.0.201811011841/tools/bin/../lib/gcc/arm-none-eabi/7.3.1/../../../../arm-none-eabi/lib/thumb/v6-m/libcr_semihost_nf.a(_cr_assert.o)
 .comment       0x000000000000007f       0x80 /usr/local/mcuxpressoide-10.3.0_2200/ide/plugins/com.nxp.mcuxpresso.tools.linux_10.3.0.201811011841/tools/bin/../lib/gcc/arm-none-eabi/7.3.1/../../../../arm-none-eabi/lib/thumb/v6-m/libcr_semihost_nf.a(__ciob.o)
 .comment       0x000000000000007f       0x80 /usr/local/mcuxpressoide-10.3.0_2200/ide/plugins/com.nxp.mcuxpresso.tools.linux_10.3.0.201811011841/tools/bin/../lib/gcc/arm-none-eabi/7.3.1/../../../../arm-none-eabi/lib/thumb/v6-m/libcr_c.a(memset.o)
 .comment       0x000000000000007f       0x80 /usr/local/mcuxpressoide-10.3.0_2200/ide/plugins/com.nxp.mcuxpresso.tools.linux_10.3.0.201811011841/tools/bin/../lib/gcc/arm-none-eabi/7.3.1/../../../../arm-none-eabi/lib/thumb/v6-m/libcr_c.a(_deferredlazyseek.o)
 .comment       0x000000000000007f       0x80 /usr/local/mcuxpressoide-10.3.0_2200/ide/plugins/com.nxp.mcuxpresso.tools.linux_10.3.0.201811011841/tools/bin/../lib/gcc/arm-none-eabi/7.3.1/../../../../arm-none-eabi/lib/thumb/v6-m/libcr_c.a(_fflush.o)
 .comment       0x000000000000007f       0x80 /usr/local/mcuxpressoide-10.3.0_2200/ide/plugins/com.nxp.mcuxpresso.tools.linux_10.3.0.201811011841/tools/bin/../lib/gcc/arm-none-eabi/7.3.1/../../../../arm-none-eabi/lib/thumb/v6-m/libcr_c.a(_writebuf.o)
 .comment       0x000000000000007f       0x80 /usr/local/mcuxpressoide-10.3.0_2200/ide/plugins/com.nxp.mcuxpresso.tools.linux_10.3.0.201811011841/tools/bin/../lib/gcc/arm-none-eabi/7.3.1/../../../../arm-none-eabi/lib/thumb/v6-m/libcr_c.a(alloc.o)
 .comment       0x000000000000007f       0x80 /usr/local/mcuxpressoide-10.3.0_2200/ide/plugins/com.nxp.mcuxpresso.tools.linux_10.3.0.201811011841/tools/bin/../lib/gcc/arm-none-eabi/7.3.1/../../../../arm-none-eabi/lib/thumb/v6-m/libcr_c.a(fputs.o)
 .comment       0x000000000000007f       0x80 /usr/local/mcuxpressoide-10.3.0_2200/ide/plugins/com.nxp.mcuxpresso.tools.linux_10.3.0.201811011841/tools/bin/../lib/gcc/arm-none-eabi/7.3.1/../../../../arm-none-eabi/lib/thumb/v6-m/libcr_c.a(fseek.o)
 .comment       0x000000000000007f       0x80 /usr/local/mcuxpressoide-10.3.0_2200/ide/plugins/com.nxp.mcuxpresso.tools.linux_10.3.0.201811011841/tools/bin/../lib/gcc/arm-none-eabi/7.3.1/../../../../arm-none-eabi/lib/thumb/v6-m/libcr_c.a(ftell.o)
 .comment       0x000000000000007f       0x80 /usr/local/mcuxpressoide-10.3.0_2200/ide/plugins/com.nxp.mcuxpresso.tools.linux_10.3.0.201811011841/tools/bin/../lib/gcc/arm-none-eabi/7.3.1/../../../../arm-none-eabi/lib/thumb/v6-m/libcr_c.a(initio.o)
 .comment       0x000000000000007f       0x80 /usr/local/mcuxpressoide-10.3.0_2200/ide/plugins/com.nxp.mcuxpresso.tools.linux_10.3.0.201811011841/tools/bin/../lib/gcc/arm-none-eabi/7.3.1/../../../../arm-none-eabi/lib/thumb/v6-m/libcr_c.a(setvbuf.o)
 .comment       0x000000000000007f       0x80 /usr/local/mcuxpressoide-10.3.0_2200/ide/plugins/com.nxp.mcuxpresso.tools.linux_10.3.0.201811011841/tools/bin/../lib/gcc/arm-none-eabi/7.3.1/../../../../arm-none-eabi/lib/thumb/v6-m/libcr_c.a(__init_alloc.o)
 .comment       0x000000000000007f       0x80 /usr/local/mcuxpressoide-10.3.0_2200/ide/plugins/com.nxp.mcuxpresso.tools.linux_10.3.0.201811011841/tools/bin/../lib/gcc/arm-none-eabi/7.3.1/../../../../arm-none-eabi/lib/thumb/v6-m/libcr_c.a(_cr_sbrk.o)
 .comment       0x000000000000007f       0x80 /usr/local/mcuxpressoide-10.3.0_2200/ide/plugins/com.nxp.mcuxpresso.tools.linux_10.3.0.201811011841/tools/bin/../lib/gcc/arm-none-eabi/7.3.1/../../../../arm-none-eabi/lib/thumb/v6-m/libcr_c.a(_fdopen.o)
 .comment       0x000000000000007f       0x80 /usr/local/mcuxpressoide-10.3.0_2200/ide/plugins/com.nxp.mcuxpresso.tools.linux_10.3.0.201811011841/tools/bin/../lib/gcc/arm-none-eabi/7.3.1/../../../../arm-none-eabi/lib/thumb/v6-m/libcr_c.a(errno.o)
 .comment       0x000000000000007f       0x80 /usr/local/mcuxpressoide-10.3.0_2200/ide/plugins/com.nxp.mcuxpresso.tools.linux_10.3.0.201811011841/tools/bin/../lib/gcc/arm-none-eabi/7.3.1/../../../../arm-none-eabi/lib/thumb/v6-m/libcr_c.a(fclose.o)
 .comment       0x000000000000007f       0x80 /usr/local/mcuxpressoide-10.3.0_2200/ide/plugins/com.nxp.mcuxpresso.tools.linux_10.3.0.201811011841/tools/bin/../lib/gcc/arm-none-eabi/7.3.1/../../../../arm-none-eabi/lib/thumb/v6-m/libcr_c.a(fflush.o)
 .comment       0x000000000000007f       0x80 /usr/local/mcuxpressoide-10.3.0_2200/ide/plugins/com.nxp.mcuxpresso.tools.linux_10.3.0.201811011841/tools/bin/../lib/gcc/arm-none-eabi/7.3.1/../../../../arm-none-eabi/lib/thumb/v6-m/libcr_c.a(remove.o)
 .comment       0x000000000000007f       0x80 /usr/local/mcuxpressoide-10.3.0_2200/ide/plugins/com.nxp.mcuxpresso.tools.linux_10.3.0.201811011841/tools/bin/../lib/gcc/arm-none-eabi/7.3.1/../../../../arm-none-eabi/lib/thumb/v6-m/libcr_c.a(strlen.o)
 .comment       0x000000000000007f       0x80 /usr/local/mcuxpressoide-10.3.0_2200/ide/plugins/com.nxp.mcuxpresso.tools.linux_10.3.0.201811011841/tools/bin/../lib/gcc/arm-none-eabi/7.3.1/../../../../arm-none-eabi/lib/thumb/v6-m/libcr_c.a(_cr_check_heap.o)
 .comment       0x000000000000007f       0x80 /usr/local/mcuxpressoide-10.3.0_2200/ide/plugins/com.nxp.mcuxpresso.tools.linux_10.3.0.201811011841/tools/bin/../lib/gcc/arm-none-eabi/7.3.1/../../../../arm-none-eabi/lib/thumb/v6-m/libcr_c.a(_do_fflush.o)

.ARM.attributes
                0x0000000000000000       0x30
 .ARM.attributes
                0x0000000000000000       0x32 ./startup/startup_lpc824.o
 .ARM.attributes
                0x0000000000000032       0x32 ./source/RS485SPISlave.o
 .ARM.attributes
                0x0000000000000064       0x32 ./source/mtb.o
 .ARM.attributes
                0x0000000000000096       0x32 ./source/semihost_hardfault.o
 .ARM.attributes
                0x00000000000000c8       0x32 ./drivers/fsl_clock.o
 .ARM.attributes
                0x00000000000000fa       0x32 ./drivers/fsl_dma.o
 .ARM.attributes
                0x000000000000012c       0x32 ./drivers/fsl_pint.o
 .ARM.attributes
                0x000000000000015e       0x32 ./drivers/fsl_reset.o
 .ARM.attributes
                0x0000000000000190       0x32 ./drivers/fsl_spi.o
 .ARM.attributes
                0x00000000000001c2       0x32 ./drivers/fsl_swm.o
 .ARM.attributes
                0x00000000000001f4       0x32 ./drivers/fsl_usart.o
 .ARM.attributes
                0x0000000000000226       0x32 ./device/system_LPC824.o
 .ARM.attributes
                0x0000000000000258       0x32 ./board/clock_config.o
 .ARM.attributes
                0x000000000000028a       0x32 ./board/peripherals.o
 .ARM.attributes
                0x00000000000002bc       0x32 ./board/pin_mux.o
 .ARM.attributes
                0x00000000000002ee       0x31 /usr/local/mcuxpressoide-10.3.0_2200/ide/plugins/com.nxp.mcuxpresso.tools.linux_10.3.0.201811011841/tools/bin/../lib/gcc/arm-none-eabi/7.3.1/../../../../arm-none-eabi/lib/thumb/v6-m/libcr_semihost_nf.a(_cr__main.o)
 .ARM.attributes
                0x000000000000031f       0x31 /usr/local/mcuxpressoide-10.3.0_2200/ide/plugins/com.nxp.mcuxpresso.tools.linux_10.3.0.201811011841/tools/bin/../lib/gcc/arm-none-eabi/7.3.1/../../../../arm-none-eabi/lib/thumb/v6-m/libcr_semihost_nf.a(_cr_assert.o)
 .ARM.attributes
                0x0000000000000350       0x31 /usr/local/mcuxpressoide-10.3.0_2200/ide/plugins/com.nxp.mcuxpresso.tools.linux_10.3.0.201811011841/tools/bin/../lib/gcc/arm-none-eabi/7.3.1/../../../../arm-none-eabi/lib/thumb/v6-m/libcr_semihost_nf.a(__ciob.o)
 .ARM.attributes
                0x0000000000000381       0x21 /usr/local/mcuxpressoide-10.3.0_2200/ide/plugins/com.nxp.mcuxpresso.tools.linux_10.3.0.201811011841/tools/bin/../lib/gcc/arm-none-eabi/7.3.1/../../../../arm-none-eabi/lib/thumb/v6-m/libcr_semihost_nf.a(__sys_appexit.o)
 .ARM.attributes
                0x00000000000003a2       0x31 /usr/local/mcuxpressoide-10.3.0_2200/ide/plugins/com.nxp.mcuxpresso.tools.linux_10.3.0.201811011841/tools/bin/../lib/gcc/arm-none-eabi/7.3.1/../../../../arm-none-eabi/lib/thumb/v6-m/libcr_c.a(memset.o)
 .ARM.attributes
                0x00000000000003d3       0x31 /usr/local/mcuxpressoide-10.3.0_2200/ide/plugins/com.nxp.mcuxpresso.tools.linux_10.3.0.201811011841/tools/bin/../lib/gcc/arm-none-eabi/7.3.1/../../../../arm-none-eabi/lib/thumb/v6-m/libcr_c.a(_deferredlazyseek.o)
 .ARM.attributes
                0x0000000000000404       0x31 /usr/local/mcuxpressoide-10.3.0_2200/ide/plugins/com.nxp.mcuxpresso.tools.linux_10.3.0.201811011841/tools/bin/../lib/gcc/arm-none-eabi/7.3.1/../../../../arm-none-eabi/lib/thumb/v6-m/libcr_c.a(_fflush.o)
 .ARM.attributes
                0x0000000000000435       0x31 /usr/local/mcuxpressoide-10.3.0_2200/ide/plugins/com.nxp.mcuxpresso.tools.linux_10.3.0.201811011841/tools/bin/../lib/gcc/arm-none-eabi/7.3.1/../../../../arm-none-eabi/lib/thumb/v6-m/libcr_c.a(_writebuf.o)
 .ARM.attributes
                0x0000000000000466       0x31 /usr/local/mcuxpressoide-10.3.0_2200/ide/plugins/com.nxp.mcuxpresso.tools.linux_10.3.0.201811011841/tools/bin/../lib/gcc/arm-none-eabi/7.3.1/../../../../arm-none-eabi/lib/thumb/v6-m/libcr_c.a(alloc.o)
 .ARM.attributes
                0x0000000000000497       0x31 /usr/local/mcuxpressoide-10.3.0_2200/ide/plugins/com.nxp.mcuxpresso.tools.linux_10.3.0.201811011841/tools/bin/../lib/gcc/arm-none-eabi/7.3.1/../../../../arm-none-eabi/lib/thumb/v6-m/libcr_c.a(fputs.o)
 .ARM.attributes
                0x00000000000004c8       0x31 /usr/local/mcuxpressoide-10.3.0_2200/ide/plugins/com.nxp.mcuxpresso.tools.linux_10.3.0.201811011841/tools/bin/../lib/gcc/arm-none-eabi/7.3.1/../../../../arm-none-eabi/lib/thumb/v6-m/libcr_c.a(fseek.o)
 .ARM.attributes
                0x00000000000004f9       0x31 /usr/local/mcuxpressoide-10.3.0_2200/ide/plugins/com.nxp.mcuxpresso.tools.linux_10.3.0.201811011841/tools/bin/../lib/gcc/arm-none-eabi/7.3.1/../../../../arm-none-eabi/lib/thumb/v6-m/libcr_c.a(ftell.o)
 .ARM.attributes
                0x000000000000052a       0x31 /usr/local/mcuxpressoide-10.3.0_2200/ide/plugins/com.nxp.mcuxpresso.tools.linux_10.3.0.201811011841/tools/bin/../lib/gcc/arm-none-eabi/7.3.1/../../../../arm-none-eabi/lib/thumb/v6-m/libcr_c.a(initio.o)
 .ARM.attributes
                0x000000000000055b       0x31 /usr/local/mcuxpressoide-10.3.0_2200/ide/plugins/com.nxp.mcuxpresso.tools.linux_10.3.0.201811011841/tools/bin/../lib/gcc/arm-none-eabi/7.3.1/../../../../arm-none-eabi/lib/thumb/v6-m/libcr_c.a(setvbuf.o)
 .ARM.attributes
                0x000000000000058c       0x31 /usr/local/mcuxpressoide-10.3.0_2200/ide/plugins/com.nxp.mcuxpresso.tools.linux_10.3.0.201811011841/tools/bin/../lib/gcc/arm-none-eabi/7.3.1/../../../../arm-none-eabi/lib/thumb/v6-m/libcr_c.a(__init_alloc.o)
 .ARM.attributes
                0x00000000000005bd       0x31 /usr/local/mcuxpressoide-10.3.0_2200/ide/plugins/com.nxp.mcuxpresso.tools.linux_10.3.0.201811011841/tools/bin/../lib/gcc/arm-none-eabi/7.3.1/../../../../arm-none-eabi/lib/thumb/v6-m/libcr_c.a(_cr_sbrk.o)
 .ARM.attributes
                0x00000000000005ee       0x31 /usr/local/mcuxpressoide-10.3.0_2200/ide/plugins/com.nxp.mcuxpresso.tools.linux_10.3.0.201811011841/tools/bin/../lib/gcc/arm-none-eabi/7.3.1/../../../../arm-none-eabi/lib/thumb/v6-m/libcr_c.a(_fdopen.o)
 .ARM.attributes
                0x000000000000061f       0x31 /usr/local/mcuxpressoide-10.3.0_2200/ide/plugins/com.nxp.mcuxpresso.tools.linux_10.3.0.201811011841/tools/bin/../lib/gcc/arm-none-eabi/7.3.1/../../../../arm-none-eabi/lib/thumb/v6-m/libcr_c.a(errno.o)
 .ARM.attributes
                0x0000000000000650       0x31 /usr/local/mcuxpressoide-10.3.0_2200/ide/plugins/com.nxp.mcuxpresso.tools.linux_10.3.0.201811011841/tools/bin/../lib/gcc/arm-none-eabi/7.3.1/../../../../arm-none-eabi/lib/thumb/v6-m/libcr_c.a(fclose.o)
 .ARM.attributes
                0x0000000000000681       0x31 /usr/local/mcuxpressoide-10.3.0_2200/ide/plugins/com.nxp.mcuxpresso.tools.linux_10.3.0.201811011841/tools/bin/../lib/gcc/arm-none-eabi/7.3.1/../../../../arm-none-eabi/lib/thumb/v6-m/libcr_c.a(fflush.o)
 .ARM.attributes
                0x00000000000006b2       0x31 /usr/local/mcuxpressoide-10.3.0_2200/ide/plugins/com.nxp.mcuxpresso.tools.linux_10.3.0.201811011841/tools/bin/../lib/gcc/arm-none-eabi/7.3.1/../../../../arm-none-eabi/lib/thumb/v6-m/libcr_c.a(remove.o)
 .ARM.attributes
                0x00000000000006e3       0x31 /usr/local/mcuxpressoide-10.3.0_2200/ide/plugins/com.nxp.mcuxpresso.tools.linux_10.3.0.201811011841/tools/bin/../lib/gcc/arm-none-eabi/7.3.1/../../../../arm-none-eabi/lib/thumb/v6-m/libcr_c.a(strlen.o)
 .ARM.attributes
                0x0000000000000714       0x31 /usr/local/mcuxpressoide-10.3.0_2200/ide/plugins/com.nxp.mcuxpresso.tools.linux_10.3.0.201811011841/tools/bin/../lib/gcc/arm-none-eabi/7.3.1/../../../../arm-none-eabi/lib/thumb/v6-m/libcr_c.a(_cr_check_heap.o)
 .ARM.attributes
                0x0000000000000745       0x31 /usr/local/mcuxpressoide-10.3.0_2200/ide/plugins/com.nxp.mcuxpresso.tools.linux_10.3.0.201811011841/tools/bin/../lib/gcc/arm-none-eabi/7.3.1/../../../../arm-none-eabi/lib/thumb/v6-m/libcr_c.a(_do_fflush.o)
 .ARM.attributes
                0x0000000000000776       0x21 /usr/local/mcuxpressoide-10.3.0_2200/ide/plugins/com.nxp.mcuxpresso.tools.linux_10.3.0.201811011841/tools/bin/../lib/gcc/arm-none-eabi/7.3.1/thumb/v6-m/libcr_eabihelpers.a(division_32.o)
 .ARM.attributes
                0x0000000000000797       0x21 /usr/local/mcuxpressoide-10.3.0_2200/ide/plugins/com.nxp.mcuxpresso.tools.linux_10.3.0.201811011841/tools/bin/../lib/gcc/arm-none-eabi/7.3.1/thumb/v6-m/libcr_eabihelpers.a(division_idiv0.o)
 .ARM.attributes
                0x00000000000007b8       0x21 /usr/local/mcuxpressoide-10.3.0_2200/ide/plugins/com.nxp.mcuxpresso.tools.linux_10.3.0.201811011841/tools/bin/../lib/gcc/arm-none-eabi/7.3.1/thumb/v6-m/libcr_eabihelpers.a(memcpy.o)
 .ARM.attributes
                0x00000000000007d9       0x21 /usr/local/mcuxpressoide-10.3.0_2200/ide/plugins/com.nxp.mcuxpresso.tools.linux_10.3.0.201811011841/tools/bin/../lib/gcc/arm-none-eabi/7.3.1/../../../../arm-none-eabi/lib/thumb/v6-m/libcr_semihost_nf.a(__sys_close.o)
 .ARM.attributes
                0x00000000000007fa       0x21 /usr/local/mcuxpressoide-10.3.0_2200/ide/plugins/com.nxp.mcuxpresso.tools.linux_10.3.0.201811011841/tools/bin/../lib/gcc/arm-none-eabi/7.3.1/../../../../arm-none-eabi/lib/thumb/v6-m/libcr_semihost_nf.a(__sys_flen.o)
 .ARM.attributes
                0x000000000000081b       0x21 /usr/local/mcuxpressoide-10.3.0_2200/ide/plugins/com.nxp.mcuxpresso.tools.linux_10.3.0.201811011841/tools/bin/../lib/gcc/arm-none-eabi/7.3.1/../../../../arm-none-eabi/lib/thumb/v6-m/libcr_semihost_nf.a(__sys_istty.o)
 .ARM.attributes
                0x000000000000083c       0x21 /usr/local/mcuxpressoide-10.3.0_2200/ide/plugins/com.nxp.mcuxpresso.tools.linux_10.3.0.201811011841/tools/bin/../lib/gcc/arm-none-eabi/7.3.1/../../../../arm-none-eabi/lib/thumb/v6-m/libcr_semihost_nf.a(__sys_remove.o)
 .ARM.attributes
                0x000000000000085d       0x21 /usr/local/mcuxpressoide-10.3.0_2200/ide/plugins/com.nxp.mcuxpresso.tools.linux_10.3.0.201811011841/tools/bin/../lib/gcc/arm-none-eabi/7.3.1/../../../../arm-none-eabi/lib/thumb/v6-m/libcr_semihost_nf.a(__sys_seek.o)
 .ARM.attributes
                0x000000000000087e       0x21 /usr/local/mcuxpressoide-10.3.0_2200/ide/plugins/com.nxp.mcuxpresso.tools.linux_10.3.0.201811011841/tools/bin/../lib/gcc/arm-none-eabi/7.3.1/../../../../arm-none-eabi/lib/thumb/v6-m/libcr_semihost_nf.a(__sys_tmpnam.o)
 .ARM.attributes
                0x000000000000089f       0x21 /usr/local/mcuxpressoide-10.3.0_2200/ide/plugins/com.nxp.mcuxpresso.tools.linux_10.3.0.201811011841/tools/bin/../lib/gcc/arm-none-eabi/7.3.1/../../../../arm-none-eabi/lib/thumb/v6-m/libcr_semihost_nf.a(__sys_write.o)

.debug_frame    0x0000000000000000     0x1b78
 .debug_frame   0x0000000000000000      0x3b0 ./startup/startup_lpc824.o
 .debug_frame   0x00000000000003b0      0x1e4 ./source/RS485SPISlave.o
 .debug_frame   0x0000000000000594       0x20 ./source/semihost_hardfault.o
 .debug_frame   0x00000000000005b4      0x29c ./drivers/fsl_clock.o
 .debug_frame   0x0000000000000850      0x370 ./drivers/fsl_dma.o
 .debug_frame   0x0000000000000bc0      0x3d0 ./drivers/fsl_pint.o
 .debug_frame   0x0000000000000f90       0x70 ./drivers/fsl_reset.o
 .debug_frame   0x0000000000001000      0x488 ./drivers/fsl_spi.o
 .debug_frame   0x0000000000001488       0x50 ./drivers/fsl_swm.o
 .debug_frame   0x00000000000014d8      0x3e4 ./drivers/fsl_usart.o
 .debug_frame   0x00000000000018bc       0xa8 ./device/system_LPC824.o
 .debug_frame   0x0000000000001964       0xcc ./board/clock_config.o
 .debug_frame   0x0000000000001a30       0x2c ./board/peripherals.o
 .debug_frame   0x0000000000001a5c      0x11c ./board/pin_mux.o
